This file contains any messages produced by compilers while
running configure, to aid debugging if configure makes a mistake.

It was created by configure, which was
generated by GNU Autoconf 2.71.  Invocation command line was

  $ ./configure --prefix=/usr

## --------- ##
## Platform. ##
## --------- ##

hostname = sporteka2.local
uname -m = x86_64
uname -r = 7.0.0-14-generic
uname -s = Linux
uname -v = #14~24.04.3-Ubuntu SMP PREEMPT_DYNAMIC Fri Apr 24 13:55:39 UTC 2

/usr/bin/uname -p = x86_64
/bin/uname -X     = unknown

/bin/arch              = x86_64
/usr/bin/arch -k       = unknown
/usr/convex/getsysinfo = unknown
/usr/bin/hostinfo      = unknown
/bin/machine           = unknown
/usr/bin/oslevel       = unknown
/bin/universe          = unknown

PATH: /home/r/.npm-global/bin/
PATH: /home/r/.opencode/bin/
PATH: /home/r/.local/bin/
PATH: /usr/local/sbin/
PATH: /usr/local/bin/
PATH: /usr/sbin/
PATH: /usr/bin/
PATH: /sbin/
PATH: /bin/
PATH: /usr/games/
PATH: /usr/local/games/
PATH: /snap/bin/


## ----------- ##
## Core tests. ##
## ----------- ##

configure:2632: looking for aux files: compile missing install-sh
configure:2645:  trying ./
configure:2674:   ./compile found
configure:2674:   ./missing found
configure:2656:   ./install-sh found
configure:2803: checking for a BSD-compatible install
configure:2876: result: /usr/bin/install -c
configure:2887: checking whether build environment is sane
configure:2942: result: yes
configure:3101: checking for a race-free mkdir -p
configure:3145: result: /usr/bin/mkdir -p
configure:3152: checking for gawk
configure:3173: found /usr/bin/gawk
configure:3184: result: gawk
configure:3195: checking whether make sets $(MAKE)
configure:3218: result: yes
configure:3248: checking whether make supports nested variables
configure:3266: result: yes
configure:3461: checking whether make supports the include directive
configure:3476: make -f confmf.GNU && cat confinc.out
this is the am__doit target
configure:3479: $? = 0
configure:3498: result: yes (GNU style)
configure:3574: checking for gcc
configure:3595: found /usr/bin/gcc
configure:3606: result: gcc
configure:3959: checking for C compiler version
configure:3968: gcc --version >&5
gcc (Ubuntu 13.3.0-6ubuntu2~24.04.1) 13.3.0
Copyright (C) 2023 Free Software Foundation, Inc.
This is free software; see the source for copying conditions.  There is NO
warranty; not even for MERCHANTABILITY or FITNESS FOR A PARTICULAR PURPOSE.

configure:3979: $? = 0
configure:3968: gcc -v >&5
Using built-in specs.
COLLECT_GCC=gcc
COLLECT_LTO_WRAPPER=/usr/libexec/gcc/x86_64-linux-gnu/13/lto-wrapper
OFFLOAD_TARGET_NAMES=nvptx-none:amdgcn-amdhsa
OFFLOAD_TARGET_DEFAULT=1
Target: x86_64-linux-gnu
Configured with: ../src/configure -v --with-pkgversion='Ubuntu 13.3.0-6ubuntu2~24.04.1' --with-bugurl=file:///usr/share/doc/gcc-13/README.Bugs --enable-languages=c,ada,c++,go,d,fortran,objc,obj-c++,m2 --prefix=/usr --with-gcc-major-version-only --program-suffix=-13 --program-prefix=x86_64-linux-gnu- --enable-shared --enable-linker-build-id --libexecdir=/usr/libexec --without-included-gettext --enable-threads=posix --libdir=/usr/lib --enable-nls --enable-bootstrap --enable-clocale=gnu --enable-libstdcxx-debug --enable-libstdcxx-time=yes --with-default-libstdcxx-abi=new --enable-libstdcxx-backtrace --enable-gnu-unique-object --disable-vtable-verify --enable-plugin --enable-default-pie --with-system-zlib --enable-libphobos-checking=release --with-target-system-zlib=auto --enable-objc-gc=auto --enable-multiarch --disable-werror --enable-cet --with-arch-32=i686 --with-abi=m64 --with-multilib-list=m32,m64,mx32 --enable-multilib --with-tune=generic --enable-offload-targets=nvptx-none=/build/gcc-13-EldibY/gcc-13-13.3.0/debian/tmp-nvptx/usr,amdgcn-amdhsa=/build/gcc-13-EldibY/gcc-13-13.3.0/debian/tmp-gcn/usr --enable-offload-defaulted --without-cuda-driver --enable-checking=release --build=x86_64-linux-gnu --host=x86_64-linux-gnu --target=x86_64-linux-gnu --with-build-config=bootstrap-lto-lean --enable-link-serialization=2
Thread model: posix
Supported LTO compression algorithms: zlib zstd
gcc version 13.3.0 (Ubuntu 13.3.0-6ubuntu2~24.04.1) 
... rest of stderr output deleted ...
configure:3979: $? = 0
configure:3968: gcc -V >&5
gcc: error: unrecognized command-line option '-V'
gcc: fatal error: no input files
compilation terminated.
configure:3979: $? = 1
configure:3968: gcc -qversion >&5
gcc: error: unrecognized command-line option '-qversion'; did you mean '--version'?
gcc: fatal error: no input files
compilation terminated.
configure:3979: $? = 1
configure:3968: gcc -version >&5
gcc: error: unrecognized command-line option '-version'
gcc: fatal error: no input files
compilation terminated.
configure:3979: $? = 1
configure:3999: checking whether the C compiler works
configure:4021: gcc    conftest.c  >&5
configure:4025: $? = 0
configure:4075: result: yes
configure:4078: checking for C compiler default output file name
configure:4080: result: a.out
configure:4086: checking for suffix of executables
configure:4093: gcc -o conftest    conftest.c  >&5
configure:4097: $? = 0
configure:4120: result: 
configure:4142: checking whether we are cross compiling
configure:4150: gcc -o conftest    conftest.c  >&5
configure:4154: $? = 0
configure:4161: ./conftest
configure:4165: $? = 0
configure:4180: result: no
configure:4185: checking for suffix of object files
configure:4208: gcc -c   conftest.c >&5
configure:4212: $? = 0
configure:4234: result: o
configure:4238: checking whether the compiler supports GNU C
configure:4258: gcc -c   conftest.c >&5
configure:4258: $? = 0
configure:4268: result: yes
configure:4279: checking whether gcc accepts -g
configure:4300: gcc -c -g  conftest.c >&5
configure:4300: $? = 0
configure:4344: result: yes
configure:4364: checking for gcc option to enable C11 features
configure:4379: gcc  -c -g -O2  conftest.c >&5
configure:4379: $? = 0
configure:4397: result: none needed
configure:4513: checking whether gcc understands -c and -o together
configure:4536: gcc -c conftest.c -o conftest2.o
configure:4539: $? = 0
configure:4536: gcc -c conftest.c -o conftest2.o
configure:4539: $? = 0
configure:4551: result: yes
configure:4570: checking dependency style of gcc
configure:4682: result: gcc3
configure:4698: checking for library containing strerror
configure:4728: gcc -o conftest -g -O2   conftest.c  >&5
configure:4728: $? = 0
configure:4748: result: none required
configure:4810: checking for gcc
configure:4842: result: gcc
configure:5195: checking for C compiler version
configure:5204: gcc --version >&5
gcc (Ubuntu 13.3.0-6ubuntu2~24.04.1) 13.3.0
Copyright (C) 2023 Free Software Foundation, Inc.
This is free software; see the source for copying conditions.  There is NO
warranty; not even for MERCHANTABILITY or FITNESS FOR A PARTICULAR PURPOSE.

configure:5215: $? = 0
configure:5204: gcc -v >&5
Using built-in specs.
COLLECT_GCC=gcc
COLLECT_LTO_WRAPPER=/usr/libexec/gcc/x86_64-linux-gnu/13/lto-wrapper
OFFLOAD_TARGET_NAMES=nvptx-none:amdgcn-amdhsa
OFFLOAD_TARGET_DEFAULT=1
Target: x86_64-linux-gnu
Configured with: ../src/configure -v --with-pkgversion='Ubuntu 13.3.0-6ubuntu2~24.04.1' --with-bugurl=file:///usr/share/doc/gcc-13/README.Bugs --enable-languages=c,ada,c++,go,d,fortran,objc,obj-c++,m2 --prefix=/usr --with-gcc-major-version-only --program-suffix=-13 --program-prefix=x86_64-linux-gnu- --enable-shared --enable-linker-build-id --libexecdir=/usr/libexec --without-included-gettext --enable-threads=posix --libdir=/usr/lib --enable-nls --enable-bootstrap --enable-clocale=gnu --enable-libstdcxx-debug --enable-libstdcxx-time=yes --with-default-libstdcxx-abi=new --enable-libstdcxx-backtrace --enable-gnu-unique-object --disable-vtable-verify --enable-plugin --enable-default-pie --with-system-zlib --enable-libphobos-checking=release --with-target-system-zlib=auto --enable-objc-gc=auto --enable-multiarch --disable-werror --enable-cet --with-arch-32=i686 --with-abi=m64 --with-multilib-list=m32,m64,mx32 --enable-multilib --with-tune=generic --enable-offload-targets=nvptx-none=/build/gcc-13-EldibY/gcc-13-13.3.0/debian/tmp-nvptx/usr,amdgcn-amdhsa=/build/gcc-13-EldibY/gcc-13-13.3.0/debian/tmp-gcn/usr --enable-offload-defaulted --without-cuda-driver --enable-checking=release --build=x86_64-linux-gnu --host=x86_64-linux-gnu --target=x86_64-linux-gnu --with-build-config=bootstrap-lto-lean --enable-link-serialization=2
Thread model: posix
Supported LTO compression algorithms: zlib zstd
gcc version 13.3.0 (Ubuntu 13.3.0-6ubuntu2~24.04.1) 
... rest of stderr output deleted ...
configure:5215: $? = 0
configure:5204: gcc -V >&5
gcc: error: unrecognized command-line option '-V'
gcc: fatal error: no input files
compilation terminated.
configure:5215: $? = 1
configure:5204: gcc -qversion >&5
gcc: error: unrecognized command-line option '-qversion'; did you mean '--version'?
gcc: fatal error: no input files
compilation terminated.
configure:5215: $? = 1
configure:5204: gcc -version >&5
gcc: error: unrecognized command-line option '-version'
gcc: fatal error: no input files
compilation terminated.
configure:5215: $? = 1
configure:5219: checking whether the compiler supports GNU C
configure:5249: result: yes
configure:5260: checking whether gcc accepts -g
configure:5325: result: yes
configure:5345: checking for gcc option to enable C11 features
configure:5378: result: none needed
configure:5494: checking whether gcc understands -c and -o together
configure:5532: result: yes
configure:5551: checking dependency style of gcc
configure:5663: result: gcc3
configure:5731: checking for gcc
configure:5763: result: gcc
configure:6116: checking for C compiler version
configure:6125: gcc --version >&5
gcc (Ubuntu 13.3.0-6ubuntu2~24.04.1) 13.3.0
Copyright (C) 2023 Free Software Foundation, Inc.
This is free software; see the source for copying conditions.  There is NO
warranty; not even for MERCHANTABILITY or FITNESS FOR A PARTICULAR PURPOSE.

configure:6136: $? = 0
configure:6125: gcc -v >&5
Using built-in specs.
COLLECT_GCC=gcc
COLLECT_LTO_WRAPPER=/usr/libexec/gcc/x86_64-linux-gnu/13/lto-wrapper
OFFLOAD_TARGET_NAMES=nvptx-none:amdgcn-amdhsa
OFFLOAD_TARGET_DEFAULT=1
Target: x86_64-linux-gnu
Configured with: ../src/configure -v --with-pkgversion='Ubuntu 13.3.0-6ubuntu2~24.04.1' --with-bugurl=file:///usr/share/doc/gcc-13/README.Bugs --enable-languages=c,ada,c++,go,d,fortran,objc,obj-c++,m2 --prefix=/usr --with-gcc-major-version-only --program-suffix=-13 --program-prefix=x86_64-linux-gnu- --enable-shared --enable-linker-build-id --libexecdir=/usr/libexec --without-included-gettext --enable-threads=posix --libdir=/usr/lib --enable-nls --enable-bootstrap --enable-clocale=gnu --enable-libstdcxx-debug --enable-libstdcxx-time=yes --with-default-libstdcxx-abi=new --enable-libstdcxx-backtrace --enable-gnu-unique-object --disable-vtable-verify --enable-plugin --enable-default-pie --with-system-zlib --enable-libphobos-checking=release --with-target-system-zlib=auto --enable-objc-gc=auto --enable-multiarch --disable-werror --enable-cet --with-arch-32=i686 --with-abi=m64 --with-multilib-list=m32,m64,mx32 --enable-multilib --with-tune=generic --enable-offload-targets=nvptx-none=/build/gcc-13-EldibY/gcc-13-13.3.0/debian/tmp-nvptx/usr,amdgcn-amdhsa=/build/gcc-13-EldibY/gcc-13-13.3.0/debian/tmp-gcn/usr --enable-offload-defaulted --without-cuda-driver --enable-checking=release --build=x86_64-linux-gnu --host=x86_64-linux-gnu --target=x86_64-linux-gnu --with-build-config=bootstrap-lto-lean --enable-link-serialization=2
Thread model: posix
Supported LTO compression algorithms: zlib zstd
gcc version 13.3.0 (Ubuntu 13.3.0-6ubuntu2~24.04.1) 
... rest of stderr output deleted ...
configure:6136: $? = 0
configure:6125: gcc -V >&5
gcc: error: unrecognized command-line option '-V'
gcc: fatal error: no input files
compilation terminated.
configure:6136: $? = 1
configure:6125: gcc -qversion >&5
gcc: error: unrecognized command-line option '-qversion'; did you mean '--version'?
gcc: fatal error: no input files
compilation terminated.
configure:6136: $? = 1
configure:6125: gcc -version >&5
gcc: error: unrecognized command-line option '-version'
gcc: fatal error: no input files
compilation terminated.
configure:6136: $? = 1
configure:6140: checking whether the compiler supports GNU C
configure:6170: result: yes
configure:6181: checking whether gcc accepts -g
configure:6246: result: yes
configure:6266: checking for gcc option to enable C11 features
configure:6299: result: none needed
configure:6415: checking whether gcc understands -c and -o together
configure:6453: result: yes
configure:6472: checking dependency style of gcc
configure:6584: result: gcc3
configure:6604: checking for dirent.h that defines DIR
configure:6624: gcc -c -g -O2  conftest.c >&5
configure:6624: $? = 0
configure:6633: result: yes
configure:6647: checking for library containing opendir
configure:6677: gcc -o conftest -g -O2   conftest.c  >&5
configure:6677: $? = 0
configure:6697: result: none required
configure:6772: checking for stdio.h
configure:6772: gcc -c -g -O2  conftest.c >&5
configure:6772: $? = 0
configure:6772: result: yes
configure:6772: checking for stdlib.h
configure:6772: gcc -c -g -O2  conftest.c >&5
configure:6772: $? = 0
configure:6772: result: yes
configure:6772: checking for string.h
configure:6772: gcc -c -g -O2  conftest.c >&5
configure:6772: $? = 0
configure:6772: result: yes
configure:6772: checking for inttypes.h
configure:6772: gcc -c -g -O2  conftest.c >&5
configure:6772: $? = 0
configure:6772: result: yes
configure:6772: checking for stdint.h
configure:6772: gcc -c -g -O2  conftest.c >&5
configure:6772: $? = 0
configure:6772: result: yes
configure:6772: checking for strings.h
configure:6772: gcc -c -g -O2  conftest.c >&5
configure:6772: $? = 0
configure:6772: result: yes
configure:6772: checking for sys/stat.h
configure:6772: gcc -c -g -O2  conftest.c >&5
configure:6772: $? = 0
configure:6772: result: yes
configure:6772: checking for sys/types.h
configure:6772: gcc -c -g -O2  conftest.c >&5
configure:6772: $? = 0
configure:6772: result: yes
configure:6772: checking for unistd.h
configure:6772: gcc -c -g -O2  conftest.c >&5
configure:6772: $? = 0
configure:6772: result: yes
configure:6797: checking for grep that handles long lines and -e
configure:6861: result: /usr/bin/grep
configure:6869: checking for egrep
configure:6937: result: /usr/bin/grep -E
configure:7012: checking for g++
configure:7033: found /usr/bin/g++
configure:7044: result: g++
configure:7071: checking for C++ compiler version
configure:7080: g++ --version >&5
g++ (Ubuntu 13.3.0-6ubuntu2~24.04.1) 13.3.0
Copyright (C) 2023 Free Software Foundation, Inc.
This is free software; see the source for copying conditions.  There is NO
warranty; not even for MERCHANTABILITY or FITNESS FOR A PARTICULAR PURPOSE.

configure:7091: $? = 0
configure:7080: g++ -v >&5
Using built-in specs.
COLLECT_GCC=g++
COLLECT_LTO_WRAPPER=/usr/libexec/gcc/x86_64-linux-gnu/13/lto-wrapper
OFFLOAD_TARGET_NAMES=nvptx-none:amdgcn-amdhsa
OFFLOAD_TARGET_DEFAULT=1
Target: x86_64-linux-gnu
Configured with: ../src/configure -v --with-pkgversion='Ubuntu 13.3.0-6ubuntu2~24.04.1' --with-bugurl=file:///usr/share/doc/gcc-13/README.Bugs --enable-languages=c,ada,c++,go,d,fortran,objc,obj-c++,m2 --prefix=/usr --with-gcc-major-version-only --program-suffix=-13 --program-prefix=x86_64-linux-gnu- --enable-shared --enable-linker-build-id --libexecdir=/usr/libexec --without-included-gettext --enable-threads=posix --libdir=/usr/lib --enable-nls --enable-bootstrap --enable-clocale=gnu --enable-libstdcxx-debug --enable-libstdcxx-time=yes --with-default-libstdcxx-abi=new --enable-libstdcxx-backtrace --enable-gnu-unique-object --disable-vtable-verify --enable-plugin --enable-default-pie --with-system-zlib --enable-libphobos-checking=release --with-target-system-zlib=auto --enable-objc-gc=auto --enable-multiarch --disable-werror --enable-cet --with-arch-32=i686 --with-abi=m64 --with-multilib-list=m32,m64,mx32 --enable-multilib --with-tune=generic --enable-offload-targets=nvptx-none=/build/gcc-13-EldibY/gcc-13-13.3.0/debian/tmp-nvptx/usr,amdgcn-amdhsa=/build/gcc-13-EldibY/gcc-13-13.3.0/debian/tmp-gcn/usr --enable-offload-defaulted --without-cuda-driver --enable-checking=release --build=x86_64-linux-gnu --host=x86_64-linux-gnu --target=x86_64-linux-gnu --with-build-config=bootstrap-lto-lean --enable-link-serialization=2
Thread model: posix
Supported LTO compression algorithms: zlib zstd
gcc version 13.3.0 (Ubuntu 13.3.0-6ubuntu2~24.04.1) 
... rest of stderr output deleted ...
configure:7091: $? = 0
configure:7080: g++ -V >&5
g++: error: unrecognized command-line option '-V'
g++: fatal error: no input files
compilation terminated.
configure:7091: $? = 1
configure:7080: g++ -qversion >&5
g++: error: unrecognized command-line option '-qversion'; did you mean '--version'?
g++: fatal error: no input files
compilation terminated.
configure:7091: $? = 1
configure:7095: checking whether the compiler supports GNU C++
configure:7115: g++ -c   conftest.cpp >&5
configure:7115: $? = 0
configure:7125: result: yes
configure:7136: checking whether g++ accepts -g
configure:7157: g++ -c -g  conftest.cpp >&5
configure:7157: $? = 0
configure:7201: result: yes
configure:7221: checking for g++ option to enable C++11 features
configure:7236: g++  -c -g -O2  conftest.cpp >&5
conftest.cpp: In function 'int main(int, char**)':
conftest.cpp:188:25: warning: empty parentheses were disambiguated as a function declaration [-Wvexing-parse]
  188 |   cxx11test::delegate d2();
      |                         ^~
conftest.cpp:188:25: note: remove parentheses to default-initialize a variable
  188 |   cxx11test::delegate d2();
      |                         ^~
      |                         --
conftest.cpp:188:25: note: or replace parentheses with braces to value-initialize a variable
configure:7236: $? = 0
configure:7254: result: none needed
configure:7320: checking dependency style of g++
configure:7432: result: gcc3
configure:7452: checking how to run the C preprocessor
configure:7478: gcc -E  conftest.c
configure:7478: $? = 0
configure:7493: gcc -E  conftest.c
conftest.c:22:10: fatal error: ac_nonexistent.h: No such file or directory
   22 | #include <ac_nonexistent.h>
      |          ^~~~~~~~~~~~~~~~~~
compilation terminated.
configure:7493: $? = 1
configure: failed program was:
| /* confdefs.h */
| #define PACKAGE_NAME ""
| #define PACKAGE_TARNAME ""
| #define PACKAGE_VERSION ""
| #define PACKAGE_STRING ""
| #define PACKAGE_BUGREPORT ""
| #define PACKAGE_URL ""
| #define PACKAGE "gmrun"
| #define VERSION "0.9.2"
| #define HAVE_DIRENT_H 1
| #define HAVE_STDIO_H 1
| #define HAVE_STDLIB_H 1
| #define HAVE_STRING_H 1
| #define HAVE_INTTYPES_H 1
| #define HAVE_STDINT_H 1
| #define HAVE_STRINGS_H 1
| #define HAVE_SYS_STAT_H 1
| #define HAVE_SYS_TYPES_H 1
| #define HAVE_UNISTD_H 1
| #define STDC_HEADERS 1
| /* end confdefs.h.  */
| #include <ac_nonexistent.h>
configure:7520: result: gcc -E
configure:7534: gcc -E  conftest.c
configure:7534: $? = 0
configure:7549: gcc -E  conftest.c
conftest.c:22:10: fatal error: ac_nonexistent.h: No such file or directory
   22 | #include <ac_nonexistent.h>
      |          ^~~~~~~~~~~~~~~~~~
compilation terminated.
configure:7549: $? = 1
configure: failed program was:
| /* confdefs.h */
| #define PACKAGE_NAME ""
| #define PACKAGE_TARNAME ""
| #define PACKAGE_VERSION ""
| #define PACKAGE_STRING ""
| #define PACKAGE_BUGREPORT ""
| #define PACKAGE_URL ""
| #define PACKAGE "gmrun"
| #define VERSION "0.9.2"
| #define HAVE_DIRENT_H 1
| #define HAVE_STDIO_H 1
| #define HAVE_STDLIB_H 1
| #define HAVE_STRING_H 1
| #define HAVE_INTTYPES_H 1
| #define HAVE_STDINT_H 1
| #define HAVE_STRINGS_H 1
| #define HAVE_SYS_STAT_H 1
| #define HAVE_SYS_TYPES_H 1
| #define HAVE_UNISTD_H 1
| #define STDC_HEADERS 1
| /* end confdefs.h.  */
| #include <ac_nonexistent.h>
configure:7582: checking for stlport libraries
configure:7652: result: no
configure:7657: checking for stlport headers
configure:7728: result: no
configure:7733: checking for poptGetContext
configure:7733: gcc -o conftest -g -O2   conftest.c  >&5
/usr/bin/ld: /tmp/ccc7azSk.o: in function `main':
/tmp/gmrun/conftest.c:49:(.text.startup+0xb): undefined reference to `poptGetContext'
collect2: error: ld returned 1 exit status
configure:7733: $? = 1
configure: failed program was:
| /* confdefs.h */
| #define PACKAGE_NAME ""
| #define PACKAGE_TARNAME ""
| #define PACKAGE_VERSION ""
| #define PACKAGE_STRING ""
| #define PACKAGE_BUGREPORT ""
| #define PACKAGE_URL ""
| #define PACKAGE "gmrun"
| #define VERSION "0.9.2"
| #define HAVE_DIRENT_H 1
| #define HAVE_STDIO_H 1
| #define HAVE_STDLIB_H 1
| #define HAVE_STRING_H 1
| #define HAVE_INTTYPES_H 1
| #define HAVE_STDINT_H 1
| #define HAVE_STRINGS_H 1
| #define HAVE_SYS_STAT_H 1
| #define HAVE_SYS_TYPES_H 1
| #define HAVE_UNISTD_H 1
| #define STDC_HEADERS 1
| /* end confdefs.h.  */
| /* Define poptGetContext to an innocuous variant, in case <limits.h> declares poptGetContext.
|    For example, HP-UX 11i <limits.h> declares gettimeofday.  */
| #define poptGetContext innocuous_poptGetContext
| 
| /* System header to define __stub macros and hopefully few prototypes,
|    which can conflict with char poptGetContext (); below.  */
| 
| #include <limits.h>
| #undef poptGetContext
| 
| /* Override any GCC internal prototype to avoid an error.
|    Use char because int might match the return type of a GCC
|    builtin and then its argument prototype would still apply.  */
| #ifdef __cplusplus
| extern "C"
| #endif
| char poptGetContext ();
| /* The GNU C library defines this for functions which it implements
|     to always fail with ENOSYS.  Some functions are actually named
|     something starting with __ and the normal name is an alias.  */
| #if defined __stub_poptGetContext || defined __stub___poptGetContext
| choke me
| #endif
| 
| int
| main (void)
| {
| return poptGetContext ();
|   ;
|   return 0;
| }
configure:7733: result: no
configure:7738: checking for poptGetContext in -lpopt
configure:7761: gcc -o conftest -g -O2   conftest.c -lpopt   >&5
configure:7761: $? = 0
configure:7771: result: yes
configure:7844: checking for pkg-config
configure:7867: found /usr/bin/pkg-config
configure:7879: result: /usr/bin/pkg-config
configure:7904: checking pkg-config is at least version 0.9.0
configure:7907: result: yes
configure:7917: checking for glib-2.0 >= 2.0.4
                        gobject-2.0 >= 2.0.4
                        gthread-2.0 >= 2.0.4
configure:7928: $PKG_CONFIG --exists --print-errors "glib-2.0 >= 2.0.4
                        gobject-2.0 >= 2.0.4
                        gthread-2.0 >= 2.0.4"
configure:7935: $? = 0
configure:7951: $PKG_CONFIG --exists --print-errors "glib-2.0 >= 2.0.4
                        gobject-2.0 >= 2.0.4
                        gthread-2.0 >= 2.0.4"
configure:7958: $? = 0
configure:8024: result: yes
configure:8033: checking for gtk+-3.0 >= 2.0.5
configure:8040: $PKG_CONFIG --exists --print-errors "gtk+-3.0 >= 2.0.5"
configure:8043: $? = 0
configure:8057: $PKG_CONFIG --exists --print-errors "gtk+-3.0 >= 2.0.5"
configure:8060: $? = 0
configure:8118: result: yes
configure:8259: checking that generated files are newer than configure
configure:8265: result: done
configure:8300: creating ./config.status

## ---------------------- ##
## Running config.status. ##
## ---------------------- ##

This file was extended by config.status, which was
generated by GNU Autoconf 2.71.  Invocation command line was

  CONFIG_FILES    = 
  CONFIG_HEADERS  = 
  CONFIG_LINKS    = 
  CONFIG_COMMANDS = 
  $ ./config.status 

on sporteka2.local

config.status:878: creating Makefile
config.status:878: creating src/Makefile
config.status:878: creating config/Makefile
config.status:878: creating gmrun.spec
config.status:878: creating config.h
config.status:1107: executing depfiles commands
config.status:1184: cd src       && sed -e '/# am--include-marker/d' Makefile         | make -f - am--depfiles
config.status:1189: $? = 0

## ---------------- ##
## Cache variables. ##
## ---------------- ##

ac_cv_c_compiler_gnu=yes
ac_cv_cxx_compiler_gnu=yes
ac_cv_env_CCC_set=
ac_cv_env_CCC_value=
ac_cv_env_CC_set=
ac_cv_env_CC_value=
ac_cv_env_CFLAGS_set=
ac_cv_env_CFLAGS_value=
ac_cv_env_CPPFLAGS_set=
ac_cv_env_CPPFLAGS_value=
ac_cv_env_CPP_set=
ac_cv_env_CPP_value=
ac_cv_env_CXXFLAGS_set=
ac_cv_env_CXXFLAGS_value=
ac_cv_env_CXX_set=
ac_cv_env_CXX_value=
ac_cv_env_GLIB_CFLAGS_set=
ac_cv_env_GLIB_CFLAGS_value=
ac_cv_env_GLIB_LIBS_set=
ac_cv_env_GLIB_LIBS_value=
ac_cv_env_GTK_CFLAGS_set=
ac_cv_env_GTK_CFLAGS_value=
ac_cv_env_GTK_LIBS_set=
ac_cv_env_GTK_LIBS_value=
ac_cv_env_LDFLAGS_set=
ac_cv_env_LDFLAGS_value=
ac_cv_env_LIBS_set=
ac_cv_env_LIBS_value=
ac_cv_env_PKG_CONFIG_LIBDIR_set=
ac_cv_env_PKG_CONFIG_LIBDIR_value=
ac_cv_env_PKG_CONFIG_PATH_set=
ac_cv_env_PKG_CONFIG_PATH_value=
ac_cv_env_PKG_CONFIG_set=
ac_cv_env_PKG_CONFIG_value=
ac_cv_env_build_alias_set=
ac_cv_env_build_alias_value=
ac_cv_env_host_alias_set=
ac_cv_env_host_alias_value=
ac_cv_env_target_alias_set=
ac_cv_env_target_alias_value=
ac_cv_func_poptGetContext=no
ac_cv_header_dirent_dirent_h=yes
ac_cv_header_inttypes_h=yes
ac_cv_header_stdint_h=yes
ac_cv_header_stdio_h=yes
ac_cv_header_stdlib_h=yes
ac_cv_header_stlport_includes=no
ac_cv_header_string_h=yes
ac_cv_header_strings_h=yes
ac_cv_header_sys_stat_h=yes
ac_cv_header_sys_types_h=yes
ac_cv_header_unistd_h=yes
ac_cv_lib_popt_poptGetContext=yes
ac_cv_lib_stlport_lib=no
ac_cv_objext=o
ac_cv_path_EGREP='/usr/bin/grep -E'
ac_cv_path_GREP=/usr/bin/grep
ac_cv_path_ac_pt_PKG_CONFIG=/usr/bin/pkg-config
ac_cv_path_install='/usr/bin/install -c'
ac_cv_path_mkdir=/usr/bin/mkdir
ac_cv_prog_AWK=gawk
ac_cv_prog_CPP='gcc -E'
ac_cv_prog_ac_ct_CC=gcc
ac_cv_prog_ac_ct_CXX=g++
ac_cv_prog_cc_c11=
ac_cv_prog_cc_g=yes
ac_cv_prog_cc_stdc=
ac_cv_prog_cxx_cxx11=
ac_cv_prog_cxx_g=yes
ac_cv_prog_cxx_stdcxx=
ac_cv_prog_make_make_set=yes
ac_cv_search_opendir='none required'
ac_cv_search_strerror='none required'
am_cv_CC_dependencies_compiler_type=gcc3
am_cv_CXX_dependencies_compiler_type=gcc3
am_cv_make_support_nested_variables=yes
am_cv_prog_cc_c_o=yes
am_cv_prog_cc_stdc=
pkg_cv_GLIB_CFLAGS='-I/usr/include/glib-2.0 -I/usr/lib/x86_64-linux-gnu/glib-2.0/include -pthread '
pkg_cv_GLIB_LIBS='-lgobject-2.0 -lgthread-2.0 -pthread -lglib-2.0 '
pkg_cv_GTK_CFLAGS='-I/usr/include/gtk-3.0 -I/usr/include/pango-1.0 -I/usr/include/glib-2.0 -I/usr/lib/x86_64-linux-gnu/glib-2.0/include -I/usr/include/harfbuzz -I/usr/include/freetype2 -I/usr/include/libpng16 -I/usr/include/libmount -I/usr/include/blkid -I/usr/include/fribidi -I/usr/include/cairo -I/usr/include/pixman-1 -I/usr/include/gdk-pixbuf-2.0 -I/usr/include/x86_64-linux-gnu -I/usr/include/webp -I/usr/include/gio-unix-2.0 -I/usr/include/atk-1.0 -I/usr/include/at-spi2-atk/2.0 -I/usr/include/at-spi-2.0 -I/usr/include/dbus-1.0 -I/usr/lib/x86_64-linux-gnu/dbus-1.0/include -pthread '
pkg_cv_GTK_LIBS='-lgtk-3 -lgdk-3 -lz -lpangocairo-1.0 -lpango-1.0 -lharfbuzz -latk-1.0 -lcairo-gobject -lcairo -lgdk_pixbuf-2.0 -lgio-2.0 -lgobject-2.0 -lglib-2.0 '

## ----------------- ##
## Output variables. ##
## ----------------- ##

ACLOCAL='${SHELL} '\''/tmp/gmrun/missing'\'' aclocal-1.16'
AMDEPBACKSLASH='\'
AMDEP_FALSE='#'
AMDEP_TRUE=''
AMTAR='$${TAR-tar}'
AM_BACKSLASH='\'
AM_DEFAULT_V='$(AM_DEFAULT_VERBOSITY)'
AM_DEFAULT_VERBOSITY='1'
AM_V='$(V)'
AUTOCONF='${SHELL} '\''/tmp/gmrun/missing'\'' autoconf'
AUTOHEADER='${SHELL} '\''/tmp/gmrun/missing'\'' autoheader'
AUTOMAKE='${SHELL} '\''/tmp/gmrun/missing'\'' automake-1.16'
AWK='gawk'
CC='gcc'
CCDEPMODE='depmode=gcc3'
CFLAGS='-g -O2 -Wall'
CPP='gcc -E'
CPPFLAGS=''
CSCOPE='cscope'
CTAGS='ctags'
CXX='g++'
CXXDEPMODE='depmode=gcc3'
CXXFLAGS='-g -O2'
CYGPATH_W='echo'
DEFS='-DHAVE_CONFIG_H'
DEPDIR='.deps'
ECHO_C=''
ECHO_N='-n'
ECHO_T=''
EGREP='/usr/bin/grep -E'
ETAGS='etags'
EXEEXT=''
GLIB_CFLAGS='-I/usr/include/glib-2.0 -I/usr/lib/x86_64-linux-gnu/glib-2.0/include -pthread '
GLIB_LIBS='-lgobject-2.0 -lgthread-2.0 -pthread -lglib-2.0 '
GREP='/usr/bin/grep'
GTK_CFLAGS='-I/usr/include/gtk-3.0 -I/usr/include/pango-1.0 -I/usr/include/glib-2.0 -I/usr/lib/x86_64-linux-gnu/glib-2.0/include -I/usr/include/harfbuzz -I/usr/include/freetype2 -I/usr/include/libpng16 -I/usr/include/libmount -I/usr/include/blkid -I/usr/include/fribidi -I/usr/include/cairo -I/usr/include/pixman-1 -I/usr/include/gdk-pixbuf-2.0 -I/usr/include/x86_64-linux-gnu -I/usr/include/webp -I/usr/include/gio-unix-2.0 -I/usr/include/atk-1.0 -I/usr/include/at-spi2-atk/2.0 -I/usr/include/at-spi-2.0 -I/usr/include/dbus-1.0 -I/usr/lib/x86_64-linux-gnu/dbus-1.0/include -pthread '
GTK_LIBS='-lgtk-3 -lgdk-3 -lz -lpangocairo-1.0 -lpango-1.0 -lharfbuzz -latk-1.0 -lcairo-gobject -lcairo -lgdk_pixbuf-2.0 -lgio-2.0 -lgobject-2.0 -lglib-2.0 '
INSTALL_DATA='${INSTALL} -m 644'
INSTALL_PROGRAM='${INSTALL}'
INSTALL_SCRIPT='${INSTALL}'
INSTALL_STRIP_PROGRAM='$(install_sh) -c -s'
LDFLAGS=''
LIBOBJS=''
LIBS=' -lpopt'
LTLIBOBJS=''
MAKEINFO='${SHELL} '\''/tmp/gmrun/missing'\'' makeinfo'
MKDIR_P='/usr/bin/mkdir -p'
OBJEXT='o'
PACKAGE='gmrun'
PACKAGE_BUGREPORT=''
PACKAGE_DATA_DIR='${datarootdir}/gmrun'
PACKAGE_NAME=''
PACKAGE_STRING=''
PACKAGE_TARNAME=''
PACKAGE_URL=''
PACKAGE_VERSION=''
PATH_SEPARATOR=':'
PKG_CONFIG='/usr/bin/pkg-config'
PKG_CONFIG_LIBDIR=''
PKG_CONFIG_PATH=''
PREFIX='/usr'
SET_MAKE=''
SHELL='/bin/bash'
STLPORT_CXXFLAGS=''
STLPORT_INCDIR=''
STLPORT_INCLUDES=''
STLPORT_LDFLAGS=''
STLPORT_LIBDIR=''
STRIP=''
VERSION='0.9.2'
ac_ct_CC='gcc'
ac_ct_CXX='g++'
am__EXEEXT_FALSE=''
am__EXEEXT_TRUE='#'
am__fastdepCC_FALSE='#'
am__fastdepCC_TRUE=''
am__fastdepCXX_FALSE='#'
am__fastdepCXX_TRUE=''
am__include='include'
am__isrc=''
am__leading_dot='.'
am__nodep='_no'
am__quote=''
am__tar='$${TAR-tar} chof - "$$tardir"'
am__untar='$${TAR-tar} xf -'
bindir='${exec_prefix}/bin'
build_alias=''
datadir='${datarootdir}'
datarootdir='${prefix}/share'
docdir='${datarootdir}/doc/${PACKAGE}'
dvidir='${docdir}'
exec_prefix='${prefix}'
host_alias=''
htmldir='${docdir}'
includedir='${prefix}/include'
infodir='${datarootdir}/info'
install_sh='${SHELL} /tmp/gmrun/install-sh'
libdir='${exec_prefix}/lib'
libexecdir='${exec_prefix}/libexec'
localedir='${datarootdir}/locale'
localstatedir='${prefix}/var'
mandir='${datarootdir}/man'
mkdir_p='$(MKDIR_P)'
oldincludedir='/usr/include'
pdfdir='${docdir}'
prefix='/usr'
program_transform_name='s,x,x,'
psdir='${docdir}'
runstatedir='${localstatedir}/run'
sbindir='${exec_prefix}/sbin'
sharedstatedir='${prefix}/com'
sysconfdir='${prefix}/etc'
target_alias=''

## ----------- ##
## confdefs.h. ##
## ----------- ##

/* confdefs.h */
#define PACKAGE_NAME ""
#define PACKAGE_TARNAME ""
#define PACKAGE_VERSION ""
#define PACKAGE_STRING ""
#define PACKAGE_BUGREPORT ""
#define PACKAGE_URL ""
#define PACKAGE "gmrun"
#define VERSION "0.9.2"
#define HAVE_DIRENT_H 1
#define HAVE_STDIO_H 1
#define HAVE_STDLIB_H 1
#define HAVE_STRING_H 1
#define HAVE_INTTYPES_H 1
#define HAVE_STDINT_H 1
#define HAVE_STRINGS_H 1
#define HAVE_SYS_STAT_H 1
#define HAVE_SYS_TYPES_H 1
#define HAVE_UNISTD_H 1
#define STDC_HEADERS 1
#define PACKAGE_DATA_DIR "${datarootdir}/gmrun"
#define PACKAGE_SOURCE_DIR "/tmp/gmrun"

configure: exit 0
